openapi: 3.0.3
info:
  title: Entities
  version: "1.0"
servers:
- url: /
paths:
  /:
    get:
      operationId: getRoot
      parameters:
      - name: key
        in: header
        required: true
        style: simple
        explode: false
        schema:
          $ref: "#/components/schemas/Key"
      responses:
        "200": 
            description: ""
components:
  schemas:
    Key:
      type: string
      enum:
      - a
      - b
