openapi: 3.0.3
info:
  title: Entities
  version: "1.0"
servers:
  - url: /
paths:
  /:
    get:
      operationId: getRoot
      responses:
        "200":
          content:
            application/json:
              schema:
                $ref: "#/components/schemas/Person"
        "201":
          content:
            application/json:
              schema:
                $ref: "#/components/schemas/Entity"
components:
  schemas:
    Entity:
      oneOf:
        - $ref: "#/components/schemas/Person"
        - $ref: "#/components/schemas/Organization"
    Person:
      required:
        - age
        - name
      type: object
      properties:
        name:
          type: string
        age:
          type: integer
    Organization:
      required:
        - name
      type: object
      properties:
        name:
          type: string
